Archive member included because of file (symbol)

c:/program files (x86)/gnu tools arm embedded/4.9 2015q1/bin/../lib/gcc/arm-none-eabi/4.9.3/armv7e-m\libgcc.a(_arm_addsubdf3.o)
                              ..\obj\tm_stm32f4_fatfs.o (__aeabi_ui2d)
c:/program files (x86)/gnu tools arm embedded/4.9 2015q1/bin/../lib/gcc/arm-none-eabi/4.9.3/armv7e-m\libgcc.a(_arm_muldivdf3.o)
                              ..\obj\tm_stm32f4_fatfs.o (__aeabi_dmul)
c:/program files (x86)/gnu tools arm embedded/4.9 2015q1/bin/../lib/gcc/arm-none-eabi/4.9.3/armv7e-m\libgcc.a(_arm_fixunsdfsi.o)
                              ..\obj\tm_stm32f4_fatfs.o (__aeabi_d2uiz)
c:/program files (x86)/gnu tools arm embedded/4.9 2015q1/bin/../lib/gcc/arm-none-eabi/4.9.3/armv7e-m\libgcc.a(_arm_addsubsf3.o)
                              ..\obj\delay.o (__aeabi_fsub)
c:/program files (x86)/gnu tools arm embedded/4.9 2015q1/bin/../lib/gcc/arm-none-eabi/4.9.3/armv7e-m\libgcc.a(_arm_muldivsf3.o)
                              ..\obj\delay.o (__aeabi_fmul)
c:/program files (x86)/gnu tools arm embedded/4.9 2015q1/bin/../lib/gcc/arm-none-eabi/4.9.3/armv7e-m\libgcc.a(_arm_fixsfsi.o)
                              ..\obj\delay.o (__aeabi_f2iz)
c:/program files (x86)/gnu tools arm embedded/4.9 2015q1/bin/../lib/gcc/arm-none-eabi/4.9.3/../../../../arm-none-eabi/lib/armv7e-m\libg.a(lib_a-malloc.o)
                              ..\obj\tm_stm32f4_delay.o (malloc)
c:/program files (x86)/gnu tools arm embedded/4.9 2015q1/bin/../lib/gcc/arm-none-eabi/4.9.3/../../../../arm-none-eabi/lib/armv7e-m\libg.a(lib_a-mallocr.o)
                              c:/program files (x86)/gnu tools arm embedded/4.9 2015q1/bin/../lib/gcc/arm-none-eabi/4.9.3/../../../../arm-none-eabi/lib/armv7e-m\libg.a(lib_a-malloc.o) (_malloc_r)
c:/program files (x86)/gnu tools arm embedded/4.9 2015q1/bin/../lib/gcc/arm-none-eabi/4.9.3/../../../../arm-none-eabi/lib/armv7e-m\libg.a(lib_a-mlock.o)
                              c:/program files (x86)/gnu tools arm embedded/4.9 2015q1/bin/../lib/gcc/arm-none-eabi/4.9.3/../../../../arm-none-eabi/lib/armv7e-m\libg.a(lib_a-mallocr.o) (__malloc_lock)
c:/program files (x86)/gnu tools arm embedded/4.9 2015q1/bin/../lib/gcc/arm-none-eabi/4.9.3/../../../../arm-none-eabi/lib/armv7e-m\libg.a(lib_a-sbrkr.o)
                              c:/program files (x86)/gnu tools arm embedded/4.9 2015q1/bin/../lib/gcc/arm-none-eabi/4.9.3/../../../../arm-none-eabi/lib/armv7e-m\libg.a(lib_a-mallocr.o) (_sbrk_r)
c:/program files (x86)/gnu tools arm embedded/4.9 2015q1/bin/../lib/gcc/arm-none-eabi/4.9.3/../../../../arm-none-eabi/lib/armv7e-m\libg.a(lib_a-freer.o)
                              c:/program files (x86)/gnu tools arm embedded/4.9 2015q1/bin/../lib/gcc/arm-none-eabi/4.9.3/../../../../arm-none-eabi/lib/armv7e-m\libg.a(lib_a-malloc.o) (_free_r)
c:/program files (x86)/gnu tools arm embedded/4.9 2015q1/bin/../lib/gcc/arm-none-eabi/4.9.3/../../../../arm-none-eabi/lib/armv7e-m\libg.a(lib_a-reent.o)
                              c:/program files (x86)/gnu tools arm embedded/4.9 2015q1/bin/../lib/gcc/arm-none-eabi/4.9.3/../../../../arm-none-eabi/lib/armv7e-m\libg.a(lib_a-sbrkr.o) (errno)

Allocating common symbols
Common symbol       size              file

b                   0x4               ..\obj\tests.o
USBH_MSC_CSWData    0x10              ..\obj\usbh_msc_bot.o
errno               0x4               c:/program files (x86)/gnu tools arm embedded/4.9 2015q1/bin/../lib/gcc/arm-none-eabi/4.9.3/../../../../arm-none-eabi/lib/armv7e-m\libg.a(lib_a-reent.o)
MSC_Machine         0x20a             ..\obj\usbh_msc_core.o
TM_HD44780_Opts     0x7               ..\obj\tm_stm32f4_hd44780.o
USBH_CfgDesc        0x200             ..\obj\usbh_stdreq.o
USBH_DataInBuffer   0x200             ..\obj\usbh_msc_scsi.o
USBH_MSC_Param      0x10              ..\obj\usbh_msc_scsi.o
USBH_MSC_BOTXferParam
                    0x10              ..\obj\usbh_msc_bot.o
USB_OTG_Core        0x5ac             ..\obj\tm_stm32f4_usb_msc_host.o
c                   0x4               ..\obj\tests.o
USBH_DataOutBuffer  0x200             ..\obj\usbh_msc_scsi.o
GPIO_InitStruct     0x8               ..\obj\tests.o
d                   0x4               ..\obj\tests.o
MSC_Setup           0x8               ..\obj\usbh_msc_core.o
TM_USB_MSCHOST_INT_Result
                    0x1               ..\obj\tm_stm32f4_usb_msc_host.o
USBH_MSC_CBWData    0x20              ..\obj\usbh_msc_bot.o
mult                0x4               ..\obj\tm_stm32f4_delay.o
a                   0x4               ..\obj\tests.o
USB_Host            0x148             ..\obj\tm_stm32f4_usb_msc_host.o

Discarded input sections

 .text          0x00000000        0x0 ..\obj\tm_stm32f4_fatfs.o
 .data          0x00000000        0x0 ..\obj\tm_stm32f4_fatfs.o
 .bss           0x00000000        0x0 ..\obj\tm_stm32f4_fatfs.o
 .text.TM_FATFS_GetDriveSize
                0x00000000       0xa8 ..\obj\tm_stm32f4_fatfs.o
[...]
Memory Configuration

Name             Origin             Length             Attributes
rom              0x08000000         0x00040000         xr
ram              0x20000000         0x00010000         xrw
*default*        0x00000000         0xffffffff

Linker script and memory map

                0x20010000                _eram = 0x20010000

.text           0x08000000     0x2790
 *(.isr_vector)
 .isr_vector    0x08000000      0x188 ..\obj\startup_stm32f4xx.o
                0x08000000                g_pfnVectors
 *(.text*)
 .text.USB_OTG_WritePacket
                0x08000188       0x78 ..\obj\usb_core.o
                0x08000188                USB_OTG_WritePacket
 .text.USB_OTG_ReadPacket
                0x08000200       0x58 ..\obj\usb_core.o
                0x08000200                USB_OTG_ReadPacket
 .text.USB_OTG_GetMode
                0x08000258       0x20 ..\obj\usb_core.o
                0x08000258                USB_OTG_GetMode
 .text.USB_OTG_IsHostMode
                0x08000278       0x24 ..\obj\usb_core.o
                0x08000278                USB_OTG_IsHostMode
 .text.USB_OTG_ReadCoreItr
                0x0800029c       0x30 ..\obj\usb_core.o
                0x0800029c                USB_OTG_ReadCoreItr
 .text.USB_OTG_InitFSLSPClkSel
                0x080002cc       0x38 ..\obj\usb_core.o
                0x080002cc                USB_OTG_InitFSLSPClkSel
 .text.USB_OTG_ReadHPRT0
                0x08000304       0x40 ..\obj\usb_core.o
                0x08000304                USB_OTG_ReadHPRT0
 .text.USB_OTG_ReadHostAllChannels_intr
                0x08000344       0x1c ..\obj\usb_core.o
                0x08000344                USB_OTG_ReadHostAllChannels_intr
 .text.USB_OTG_ResetPort
                0x08000360       0x4c ..\obj\usb_core.o
                0x08000360                USB_OTG_ResetPort
 .text.USB_OTG_HC_Halt
                0x080003ac       0xa4 ..\obj\usb_core.o
                0x080003ac                USB_OTG_HC_Halt
 .text.USB_OTG_HC_DoPing
                0x08000450       0x74 ..\obj\usb_core.o
                0x08000450                USB_OTG_HC_DoPing
 .text.Delay    0x080004c4       0x58 ..\obj\tm_stm32f4_hd44780.o
 .text.TM_HD44780_Init
                0x0800051c       0xd0 ..\obj\tm_stm32f4_hd44780.o
                0x0800051c                TM_HD44780_Init
 .text.TM_HD44780_InitPins
                0x080005ec       0xc0 ..\obj\tm_stm32f4_hd44780.o
                0x080005ec                TM_HD44780_InitPins
 .text.TM_HD44780_Clear
                0x080006ac       0x14 ..\obj\tm_stm32f4_hd44780.o
                0x080006ac                TM_HD44780_Clear
 .text.TM_HD44780_Cmd
                0x080006c0       0x34 ..\obj\tm_stm32f4_hd44780.o
                0x080006c0                TM_HD44780_Cmd
 .text.TM_HD44780_Data
                0x080006f4       0x34 ..\obj\tm_stm32f4_hd44780.o
                0x080006f4                TM_HD44780_Data
 .text.TM_HD44780_Cmd4bit
                0x08000728       0xa0 ..\obj\tm_stm32f4_hd44780.o
                0x08000728                TM_HD44780_Cmd4bit
 .text.TM_HD44780_CursorSet
                0x080007c8       0x64 ..\obj\tm_stm32f4_hd44780.o
                0x080007c8                TM_HD44780_CursorSet
 .text.TM_HD44780_Puts
                0x0800082c       0xb8 ..\obj\tm_stm32f4_hd44780.o
                0x0800082c                TM_HD44780_Puts
 .text.TM_HD44780_DisplayOn
                0x080008e4       0x28 ..\obj\tm_stm32f4_hd44780.o
                0x080008e4                TM_HD44780_DisplayOn
 .text.TM_HD44780_BlinkOn
                0x0800090c       0x28 ..\obj\tm_stm32f4_hd44780.o
                0x0800090c                TM_HD44780_BlinkOn
 .text.TM_HD44780_CursorOn
                0x08000934       0x28 ..\obj\tm_stm32f4_hd44780.o
                0x08000934                TM_HD44780_CursorOn
 .text.TM_HD44780_CreateChar
                0x0800095c       0x50 ..\obj\tm_stm32f4_hd44780.o
                0x0800095c                TM_HD44780_CreateChar
 .text.TM_HD44780_PutCustom
                0x080009ac       0x2c ..\obj\tm_stm32f4_hd44780.o
                0x080009ac                TM_HD44780_PutCustom
 .text.Default_Reset_Handler
                0x080009d8       0x58 ..\obj\startup_stm32f4xx.o
                0x080009d8                Default_Reset_Handler
                0x080009d8                Reset_Handler
 .text.Default_Handler
                0x08000a30        0x8 ..\obj\startup_stm32f4xx.o
                0x08000a30                RTC_Alarm_IRQHandler
                0x08000a30                HASH_RNG_IRQHandler
                0x08000a30                EXTI2_IRQHandler
                0x08000a30                TIM8_CC_IRQHandler
                0x08000a30                DebugMon_Handler
                0x08000a30                TIM1_CC_IRQHandler
                0x08000a30                DMA2_Stream5_IRQHandler
                0x08000a30                HardFault_Handler
                0x08000a30                DMA1_Stream5_IRQHandler
                0x08000a30                PVD_IRQHandler
                0x08000a30                SDIO_IRQHandler
                0x08000a30                TAMP_STAMP_IRQHandler
                0x08000a30                PendSV_Handler
                0x08000a30                NMI_Handler
                0x08000a30                CAN2_RX1_IRQHandler
                0x08000a30                EXTI3_IRQHandler
                0x08000a30                TIM8_TRG_COM_TIM14_IRQHandler
                0x08000a30                TIM1_UP_TIM10_IRQHandler
                0x08000a30                TIM8_UP_TIM13_IRQHandler
                0x08000a30                I2C3_ER_IRQHandler
                0x08000a30                EXTI0_IRQHandler
                0x08000a30                I2C2_EV_IRQHandler
                0x08000a30                DMA1_Stream2_IRQHandler
                0x08000a30                CAN1_RX0_IRQHandler
                0x08000a30                FPU_IRQHandler
                0x08000a30                OTG_HS_WKUP_IRQHandler
                0x08000a30                UsageFault_Handler
                0x08000a30                CAN2_SCE_IRQHandler
                0x08000a30                DMA2_Stream2_IRQHandler
                0x08000a30                SPI1_IRQHandler
                0x08000a30                TIM1_BRK_TIM9_IRQHandler
                0x08000a30                DCMI_IRQHandler
                0x08000a30                CAN2_RX0_IRQHandler
                0x08000a30                DMA2_Stream3_IRQHandler
                0x08000a30                USART6_IRQHandler
                0x08000a30                USART3_IRQHandler
                0x08000a30                CRYP_IRQHandler
                0x08000a30                CAN1_RX1_IRQHandler
                0x08000a30                UART5_IRQHandler
                0x08000a30                DMA2_Stream0_IRQHandler
                0x08000a30                TIM4_IRQHandler
                0x08000a30                I2C1_EV_IRQHandler
                0x08000a30                DMA1_Stream6_IRQHandler
                0x08000a30                DMA1_Stream1_IRQHandler
                0x08000a30                UART4_IRQHandler
                0x08000a30                TIM3_IRQHandler
                0x08000a30                RCC_IRQHandler
                0x08000a30                TIM8_BRK_TIM12_IRQHandler
                0x08000a30                EXTI15_10_IRQHandler
                0x08000a30                ADC_IRQHandler
                0x08000a30                DMA1_Stream7_IRQHandler
                0x08000a30                TIM7_IRQHandler
                0x08000a30                CAN2_TX_IRQHandler
                0x08000a30                TIM5_IRQHandler
                0x08000a30                DMA2_Stream7_IRQHandler
                0x08000a30                I2C3_EV_IRQHandler
                0x08000a30                EXTI9_5_IRQHandler
                0x08000a30                RTC_WKUP_IRQHandler
                0x08000a30                ETH_WKUP_IRQHandler
                0x08000a30                SPI2_IRQHandler
                0x08000a30                OTG_HS_EP1_IN_IRQHandler
                0x08000a30                MemManage_Handler
                0x08000a30                DMA1_Stream0_IRQHandler
                0x08000a30                CAN1_TX_IRQHandler
                0x08000a30                SVC_Handler
                0x08000a30                EXTI4_IRQHandler
                0x08000a30                FSMC_IRQHandler
                0x08000a30                ETH_IRQHandler
                0x08000a30                OTG_HS_EP1_OUT_IRQHandler
                0x08000a30                WWDG_IRQHandler
                0x08000a30                TIM2_IRQHandler
                0x08000a30                OTG_FS_WKUP_IRQHandler
                0x08000a30                TIM1_TRG_COM_TIM11_IRQHandler
                0x08000a30                OTG_HS_IRQHandler
                0x08000a30                EXTI1_IRQHandler
                0x08000a30                USART2_IRQHandler
                0x08000a30                I2C2_ER_IRQHandler
                0x08000a30                DMA2_Stream1_IRQHandler
                0x08000a30                CAN1_SCE_IRQHandler
                0x08000a30                FLASH_IRQHandler
                0x08000a30                DMA2_Stream4_IRQHandler
                0x08000a30                BusFault_Handler
                0x08000a30                USART1_IRQHandler
                0x08000a30                SPI3_IRQHandler
                0x08000a30                DMA1_Stream4_IRQHandler
                0x08000a30                I2C1_ER_IRQHandler
                0x08000a30                DMA2_Stream6_IRQHandler
                0x08000a30                DMA1_Stream3_IRQHandler
 .text.RCC_AHB1PeriphClockCmd
                0x08000a38       0x3c ..\obj\stm32f4xx_rcc.o
                0x08000a38                RCC_AHB1PeriphClockCmd
 .text.NVIC_SetPriority
                0x08000a74       0x54 ..\obj\tm_stm32f4_delay.o
 .text.SysTick_Config
                0x08000ac8       0x44 ..\obj\tm_stm32f4_delay.o
 .text.SysTick_Handler
                0x08000b0c       0xe0 ..\obj\tm_stm32f4_delay.o
                0x08000b0c                SysTick_Handler
 .text.TM_DELAY_Init
                0x08000bec       0x4c ..\obj\tm_stm32f4_delay.o
                0x08000bec                TM_DELAY_Init
 .text.main     0x08000c38       0x14 ..\obj\routines.o
                0x08000c38                main
 .text.USBH_Connected
                0x08000c4c       0x20 ..\obj\usbh_core.o
                0x08000c4c                USBH_Connected
 .text.USBH_Disconnected
                0x08000c6c       0x20 ..\obj\usbh_core.o
                0x08000c6c                USBH_Disconnected
 .text.USBH_SOF
                0x08000c8c       0x18 ..\obj\usbh_core.o
                0x08000c8c                USBH_SOF
 .text.GPIO_Init
                0x08000ca4      0x11c ..\obj\stm32f4xx_gpio.o
                0x08000ca4                GPIO_Init
 .text.GPIO_ReadInputDataBit
                0x08000dc0       0x34 ..\obj\stm32f4xx_gpio.o
                0x08000dc0                GPIO_ReadInputDataBit
 .text.GPIO_SetBits
                0x08000df4       0x1c ..\obj\stm32f4xx_gpio.o
                0x08000df4                GPIO_SetBits
 .text.GPIO_ResetBits
                0x08000e10       0x1c ..\obj\stm32f4xx_gpio.o
                0x08000e10                GPIO_ResetBits
 .text.SystemInit
                0x08000e2c       0x58 ..\obj\system_stm32f4xx.o
                0x08000e2c                SystemInit
 .text.SetSysClock
                0x08000e84       0xf4 ..\obj\system_stm32f4xx.o
 .text.USB_OTG_BSP_uDelay
                0x08000f78       0x48 ..\obj\usb_bsp.o
                0x08000f78                USB_OTG_BSP_uDelay
 .text.USB_OTG_BSP_mDelay
                0x08000fc0       0x20 ..\obj\usb_bsp.o
                0x08000fc0                USB_OTG_BSP_mDelay
 .text.OTG_FS_IRQHandler
                0x08000fe0       0x10 ..\obj\usb_bsp.o
                0x08000fe0                OTG_FS_IRQHandler
 .text.GPIO_setup
                0x08000ff0       0x70 ..\obj\tests.o
 .text.button_setup
                0x08001060       0x6c ..\obj\tests.o
 .text.test_buttons
                0x080010cc       0x70 ..\obj\tests.o
                0x080010cc                test_buttons
 .text.TIM6_DAC_IRQHandler
                0x0800113c       0x30 ..\obj\tests.o
                0x0800113c                TIM6_DAC_IRQHandler
 .text.Delayms  0x0800116c       0x2c ..\obj\tests.o
 .text.test_lcd
                0x08001198       0x94 ..\obj\tests.o
                0x08001198                test_lcd
 .text.TM_GPIO_Init
                0x0800122c       0x44 ..\obj\tm_stm32f4_gpio.o
                0x0800122c                TM_GPIO_Init
 .text.TM_GPIO_GetPortSource
                0x08001270       0x24 ..\obj\tm_stm32f4_gpio.o
                0x08001270                TM_GPIO_GetPortSource
 .text.TM_GPIO_INT_EnableClock
                0x08001294       0x2c ..\obj\tm_stm32f4_gpio.o
                0x08001294                TM_GPIO_INT_EnableClock
 .text.TM_GPIO_INT_Init
                0x080012c0       0xdc ..\obj\tm_stm32f4_gpio.o
                0x080012c0                TM_GPIO_INT_Init
 .text.USBH_OTG_ISR_Handler
                0x0800139c      0x10c ..\obj\usb_hcd_int.o
                0x0800139c                USBH_OTG_ISR_Handler
 .text.USB_OTG_USBH_handle_hc_ISR
                0x080014a8       0x8c ..\obj\usb_hcd_int.o
 .text.USB_OTG_USBH_handle_sof_ISR
                0x08001534       0x34 ..\obj\usb_hcd_int.o
 .text.USB_OTG_USBH_handle_Disconnect_ISR
                0x08001568       0x34 ..\obj\usb_hcd_int.o
 .text.USB_OTG_USBH_handle_nptxfempty_ISR
                0x0800159c      0x18c ..\obj\usb_hcd_int.o
 .text.USB_OTG_USBH_handle_ptxfempty_ISR
                0x08001728      0x18c ..\obj\usb_hcd_int.o
 .text.USB_OTG_USBH_handle_port_ISR
                0x080018b4      0x164 ..\obj\usb_hcd_int.o
 .text.USB_OTG_USBH_handle_hc_n_Out_ISR
                0x08001a18      0x54c ..\obj\usb_hcd_int.o
 .text.USB_OTG_USBH_handle_hc_n_In_ISR
                0x08001f64      0x5a8 ..\obj\usb_hcd_int.o
 .text.USB_OTG_USBH_handle_rx_qlvl_ISR
                0x0800250c      0x19c ..\obj\usb_hcd_int.o
 .text.USB_OTG_USBH_handle_IncompletePeriodicXfer_ISR
                0x080026a8       0x50 ..\obj\usb_hcd_int.o
 *(.init)
 *(.fini)
 *crtbegin.o(.ctors)
 *crtbegin?.o(.ctors)
 *(EXCLUDE_FILE(*crtend.o *crtend?.o) .ctors)
 *(SORT(.ctors.*))
 *(.ctors)
 *crtbegin.o(.dtors)
 *crtbegin?.o(.dtors)
 *(EXCLUDE_FILE(*crtend.o *crtend?.o) .dtors)
 *(SORT(.dtors.*))
 *(.dtors)
 *(.rodata*)
 .rodata        0x080026f8        0x4 ..\obj\tm_stm32f4_hd44780.o
 .rodata        0x080026fc       0x94 ..\obj\tests.o
 *(.eh_fram e*)

.glue_7         0x08002790        0x0
 .glue_7        0x00000000        0x0 linker stubs

.glue_7t        0x08002790        0x0
 .glue_7t       0x00000000        0x0 linker stubs

.vfp11_veneer   0x08002790        0x0
 .vfp11_veneer  0x00000000        0x0 linker stubs

.v4_bx          0x08002790        0x0
 .v4_bx         0x00000000        0x0 linker stubs

.iplt           0x08002790        0x0
 .iplt          0x00000000        0x0 ..\obj\tm_stm32f4_fatfs.o

.rel.dyn        0x08002790        0x0
 .rel.iplt      0x00000000        0x0 ..\obj\tm_stm32f4_fatfs.o

.ARM.extab
 *(.ARM.extab* .gnu.linkonce.armextab.*)
                0x08002790                __exidx_start = .

.ARM.exidx
 *(.ARM.exidx* .gnu.linkonce.armexidx.*)
                0x08002790                __exidx_end = .
                0x08002790                __etext = .
                0x08002790                _sidata = __etext

.data           0x20000000       0x24 load address 0x08002790
                0x20000000                __data_start__ = .
                0x20000000                _sdata = __data_start__
 *(vtable)
 *(.data*)
 .data          0x20000000       0x10 ..\obj\usbh_core.o
                0x20000000                USBH_HCD_INT_cb
                0x2000000c                USBH_HCD_INT_fops
 .data          0x20000010       0x14 ..\obj\system_stm32f4xx.o
                0x20000010                SystemCoreClock
                0x20000014                AHBPrescTable
                0x20000024                . = ALIGN (0x4)
                0x20000024                PROVIDE (__preinit_array_start, .)
 *(.preinit_array)
                0x20000024                PROVIDE (__preinit_array_end, .)
                0x20000024                . = ALIGN (0x4)
                0x20000024                PROVIDE (__init_array_start, .)
 *(SORT(.init_array.*))
 *(.init_array)
                0x20000024                PROVIDE (__init_array_end, .)
                0x20000024                . = ALIGN (0x4)
                0x20000024                PROVIDE (__fini_array_start, .)
 *(SORT(.fini_array.*))
 *(.fini_array)
                0x20000024                PROVIDE (__fini_array_end, .)
 *(.jcr*)
                0x20000024                . = ALIGN (0x4)
                0x20000024                __data_end__ = .
                0x20000024                _edata = __data_end__

.igot.plt       0x20000024        0x0 load address 0x080027b4
 .igot.plt      0x00000000        0x0 ..\obj\tm_stm32f4_fatfs.o

.bss            0x20000024      0x744 load address 0x080027b4
                0x20000024                . = ALIGN (0x4)
                0x20000024                __bss_start__ = .
                0x20000024                _sbss = __bss_start__
 *(.bss*)
 .bss           0x20000024       0x28 ..\obj\tm_stm32f4_delay.o
                0x20000024                TM_TimingDelay
                0x20000028                TM_Time
                0x2000002c                TM_Time2
                0x20000030                TM_DELAY_Initialized
 *(COMMON)
 COMMON         0x2000004c        0x7 ..\obj\tm_stm32f4_hd44780.o
                0x2000004c                TM_HD44780_Opts
 *fill*         0x20000053        0x1 
 COMMON         0x20000054        0x4 ..\obj\tm_stm32f4_delay.o
                0x20000054                mult
 COMMON         0x20000058      0x6f8 ..\obj\tm_stm32f4_usb_msc_host.o
                0x20000058                USB_OTG_Core
                0x20000604                TM_USB_MSCHOST_INT_Result
                0x20000608                USB_Host
 COMMON         0x20000750       0x18 ..\obj\tests.o
                0x20000750                b
                0x20000754                c
                0x20000758                GPIO_InitStruct
                0x20000760                d
                0x20000764                a
                0x20000768                . = ALIGN (0x4)
                0x20000768                __bss_end__ = .
                0x20000768                _ebss = __bss_end__

.heap           0x20000768        0x0
                0x20000768                __end__ = .
                0x20000768                _end = __end__
                0x20000768                end = __end__
 *(.heap*)
                0x20000768                __HeapLimit = .

.co_stack       0x20000768      0x800 load address 0x08002ef8
                0x20000768                . = ALIGN (0x8)
 *(.co_stack .co_stack.*)
 .co_stack      0x20000768      0x800 ..\obj\startup_stm32f4xx.o
                0x20000768                pulStack
                0x20010000                __StackTop = (ORIGIN (ram) + 0x10000)
                0x2000f800                __StackLimit = (__StackTop - SIZEOF (.co_stack))
                0x20010000                PROVIDE (__stack, __StackTop)
                0x00000001                ASSERT ((__StackLimit >= __HeapLimit), region ram  overflowed with stack)
LOAD ..\obj\tm_stm32f4_fatfs.o
LOAD ..\obj\unicode.o
LOAD ..\obj\usb_core.o
LOAD ..\obj\delay.o
LOAD ..\obj\usb_host.o
LOAD ..\obj\tm_stm32f4_hd44780.o
LOAD ..\obj\usbh_hcs.o
LOAD ..\obj\usbh_stdreq.o
LOAD ..\obj\tm_stm32f4_adc.o
LOAD ..\obj\diskio.o
LOAD ..\obj\startup_stm32f4xx.o
LOAD ..\obj\fatfs_usb.o
LOAD ..\obj\main.o
LOAD ..\obj\stm32f4xx_rcc.o
LOAD ..\obj\stm32f4xx_adc.o
LOAD ..\obj\printf.o
LOAD ..\obj\usbh_msc_core.o
LOAD ..\obj\tm_stm32f4_delay.o
LOAD ..\obj\syscall.o
LOAD ..\obj\routines.o
LOAD ..\obj\usbh_core.o
LOAD ..\obj\stm32f4xx_gpio.o
LOAD ..\obj\usbh_msc_scsi.o
LOAD ..\obj\system_stm32f4xx.o
LOAD ..\obj\syscalls.o
LOAD ..\obj\usbh_usr.o
LOAD ..\obj\usb_bsp.o
LOAD ..\obj\tm_stm32f4_usb_msc_host.o
LOAD ..\obj\ff.o
LOAD ..\obj\usb_hcd.o
LOAD ..\obj\usbh_msc_bot.o
LOAD ..\obj\tests.o
LOAD ..\obj\usbh_ioreq.o
LOAD ..\obj\misc.o
LOAD ..\obj\usb_dcd.o
LOAD ..\obj\tm_stm32f4_gpio.o
LOAD ..\obj\usb_hcd_int.o
START GROUP
LOAD c:/program files (x86)/gnu tools arm embedded/4.9 2015q1/bin/../lib/gcc/arm-none-eabi/4.9.3/armv7e-m\libgcc.a
LOAD c:/program files (x86)/gnu tools arm embedded/4.9 2015q1/bin/../lib/gcc/arm-none-eabi/4.9.3/../../../../arm-none-eabi/lib/armv7e-m\libg.a
LOAD c:/program files (x86)/gnu tools arm embedded/4.9 2015q1/bin/../lib/gcc/arm-none-eabi/4.9.3/../../../../arm-none-eabi/lib/armv7e-m\libc.a
END GROUP
OUTPUT(test_led.elf elf32-littlearm)

.debug_info     0x00000000     0xb07e
 .debug_info    0x00000000     0x1ee5 ..\obj\usb_core.o
 .debug_info    0x00001ee5      0x52e ..\obj\tm_stm32f4_hd44780.o
 .debug_info    0x00002413       0xed ..\obj\startup_stm32f4xx.o
 .debug_info    0x00002500      0xc4d ..\obj\stm32f4xx_rcc.o
 .debug_info    0x0000314d      0x999 ..\obj\tm_stm32f4_delay.o
 .debug_info    0x00003ae6      0x3ea ..\obj\routines.o
 .debug_info    0x00003ed0     0x148f ..\obj\usbh_core.o
 .debug_info    0x0000535f      0x602 ..\obj\stm32f4xx_gpio.o
 .debug_info    0x00005961      0x592 ..\obj\system_stm32f4xx.o
 .debug_info    0x00005ef3      0xe51 ..\obj\usb_bsp.o
 .debug_info    0x00006d44     0x1277 ..\obj\tm_stm32f4_usb_msc_host.o
 .debug_info    0x00007fbb      0xc55 ..\obj\tests.o
 .debug_info    0x00008c10      0x752 ..\obj\tm_stm32f4_gpio.o
 .debug_info    0x00009362     0x1d1c ..\obj\usb_hcd_int.o

.debug_abbrev   0x00000000     0x1b39
 .debug_abbrev  0x00000000      0x2bf ..\obj\usb_core.o
 .debug_abbrev  0x000002bf      0x17a ..\obj\tm_stm32f4_hd44780.o
 .debug_abbrev  0x00000439       0xb0 ..\obj\startup_stm32f4xx.o
 .debug_abbrev  0x000004e9      0x1e3 ..\obj\stm32f4xx_rcc.o
 .debug_abbrev  0x000006cc      0x298 ..\obj\tm_stm32f4_delay.o
 .debug_abbrev  0x00000964      0x1c8 ..\obj\routines.o
 .debug_abbrev  0x00000b2c      0x292 ..\obj\usbh_core.o
 .debug_abbrev  0x00000dbe      0x1a3 ..\obj\stm32f4xx_gpio.o
 .debug_abbrev  0x00000f61      0x136 ..\obj\system_stm32f4xx.o
 .debug_abbrev  0x00001097      0x1fa ..\obj\usb_bsp.o
 .debug_abbrev  0x00001291      0x213 ..\obj\tm_stm32f4_usb_msc_host.o
 .debug_abbrev  0x000014a4      0x2db ..\obj\tests.o
 .debug_abbrev  0x0000177f      0x133 ..\obj\tm_stm32f4_gpio.o
 .debug_abbrev  0x000018b2      0x287 ..\obj\usb_hcd_int.o

.debug_aranges  0x00000000      0x7a0
 .debug_aranges
                0x00000000      0x100 ..\obj\usb_core.o
 .debug_aranges
                0x00000100       0xb0 ..\obj\tm_stm32f4_hd44780.o
 .debug_aranges
                0x000001b0       0x28 ..\obj\startup_stm32f4xx.o
 .debug_aranges
                0x000001d8      0x178 ..\obj\stm32f4xx_rcc.o
 .debug_aranges
                0x00000350       0x80 ..\obj\tm_stm32f4_delay.o
 .debug_aranges
                0x000003d0       0xb0 ..\obj\routines.o
 .debug_aranges
                0x00000480       0x60 ..\obj\usbh_core.o
 .debug_aranges
                0x000004e0       0x88 ..\obj\stm32f4xx_gpio.o
 .debug_aranges
                0x00000568       0x30 ..\obj\system_stm32f4xx.o
 .debug_aranges
                0x00000598       0x58 ..\obj\usb_bsp.o
 .debug_aranges
                0x000005f0       0x30 ..\obj\tm_stm32f4_usb_msc_host.o
 .debug_aranges
                0x00000620       0x90 ..\obj\tests.o
 .debug_aranges
                0x000006b0       0x80 ..\obj\tm_stm32f4_gpio.o
 .debug_aranges
                0x00000730       0x70 ..\obj\usb_hcd_int.o

.debug_ranges   0x00000000      0x6c0
 .debug_ranges  0x00000000       0xf0 ..\obj\usb_core.o
 .debug_ranges  0x000000f0       0xa0 ..\obj\tm_stm32f4_hd44780.o
 .debug_ranges  0x00000190       0x18 ..\obj\startup_stm32f4xx.o
 .debug_ranges  0x000001a8      0x168 ..\obj\stm32f4xx_rcc.o
 .debug_ranges  0x00000310       0x70 ..\obj\tm_stm32f4_delay.o
 .debug_ranges  0x00000380       0xa0 ..\obj\routines.o
 .debug_ranges  0x00000420       0x50 ..\obj\usbh_core.o
 .debug_ranges  0x00000470       0x78 ..\obj\stm32f4xx_gpio.o
 .debug_ranges  0x000004e8       0x20 ..\obj\system_stm32f4xx.o
 .debug_ranges  0x00000508       0x48 ..\obj\usb_bsp.o
 .debug_ranges  0x00000550       0x20 ..\obj\tm_stm32f4_usb_msc_host.o
 .debug_ranges  0x00000570       0x80 ..\obj\tests.o
 .debug_ranges  0x000005f0       0x70 ..\obj\tm_stm32f4_gpio.o
 .debug_ranges  0x00000660       0x60 ..\obj\usb_hcd_int.o

.debug_line     0x00000000     0x31b5
 .debug_line    0x00000000      0x5eb ..\obj\usb_core.o
 .debug_line    0x000005eb      0x418 ..\obj\tm_stm32f4_hd44780.o
 .debug_line    0x00000a03       0xa2 ..\obj\startup_stm32f4xx.o
 .debug_line    0x00000aa5      0x5ea ..\obj\stm32f4xx_rcc.o
 .debug_line    0x0000108f      0x375 ..\obj\tm_stm32f4_delay.o
 .debug_line    0x00001404      0x313 ..\obj\routines.o
 .debug_line    0x00001717      0x394 ..\obj\usbh_core.o
 .debug_line    0x00001aab      0x38c ..\obj\stm32f4xx_gpio.o
 .debug_line    0x00001e37      0x1ff ..\obj\system_stm32f4xx.o
 .debug_line    0x00002036      0x31c ..\obj\usb_bsp.o
 .debug_line    0x00002352      0x28e ..\obj\tm_stm32f4_usb_msc_host.o
 .debug_line    0x000025e0      0x46d ..\obj\tests.o
 .debug_line    0x00002a4d      0x348 ..\obj\tm_stm32f4_gpio.o
 .debug_line    0x00002d95      0x420 ..\obj\usb_hcd_int.o

.debug_str      0x00000000     0x3bc6
 .debug_str     0x00000000      0xfe0 ..\obj\usb_core.o
                               0x1269 (size before relaxing)
 .debug_str     0x00000fe0      0x383 ..\obj\tm_stm32f4_hd44780.o
                                0x4fc (size before relaxing)
 .debug_str     0x00001363       0xb1 ..\obj\startup_stm32f4xx.o
                                0x148 (size before relaxing)
 .debug_str     0x00001414      0x6af ..\obj\stm32f4xx_rcc.o
                                0x851 (size before relaxing)
 .debug_str     0x00001ac3      0x7c8 ..\obj\tm_stm32f4_delay.o
                                0x9ac (size before relaxing)
 .debug_str     0x0000228b      0x16c ..\obj\routines.o
                                0x2ff (size before relaxing)
 .debug_str     0x000023f7      0xabc ..\obj\usbh_core.o
                               0x1203 (size before relaxing)
 .debug_str     0x00002eb3      0x259 ..\obj\stm32f4xx_gpio.o
                                0x4a1 (size before relaxing)
 .debug_str     0x0000310c       0xb5 ..\obj\system_stm32f4xx.o
                                0x3ab (size before relaxing)
 .debug_str     0x000031c1      0x19d ..\obj\usb_bsp.o
                                0xf10 (size before relaxing)
 .debug_str     0x0000335e      0x1e8 ..\obj\tm_stm32f4_usb_msc_host.o
                               0x129e (size before relaxing)
 .debug_str     0x00003546      0x241 ..\obj\tests.o
                                0xb47 (size before relaxing)
 .debug_str     0x00003787      0x1a2 ..\obj\tm_stm32f4_gpio.o
                                0x569 (size before relaxing)
 .debug_str     0x00003929      0x29d ..\obj\usb_hcd_int.o
                                0xebd (size before relaxing)

.comment        0x00000000       0x70
 .comment       0x00000000       0x70 ..\obj\usb_core.o
                                 0x71 (size before relaxing)
 .comment       0x00000000       0x71 ..\obj\tm_stm32f4_hd44780.o
 .comment       0x00000000       0x71 ..\obj\startup_stm32f4xx.o
 .comment       0x00000000       0x71 ..\obj\stm32f4xx_rcc.o
 .comment       0x00000000       0x71 ..\obj\tm_stm32f4_delay.o
 .comment       0x00000000       0x71 ..\obj\routines.o
 .comment       0x00000000       0x71 ..\obj\usbh_core.o
 .comment       0x00000000       0x71 ..\obj\stm32f4xx_gpio.o
 .comment       0x00000000       0x71 ..\obj\system_stm32f4xx.o
 .comment       0x00000000       0x71 ..\obj\usb_bsp.o
 .comment       0x00000000       0x71 ..\obj\tm_stm32f4_usb_msc_host.o
 .comment       0x00000000       0x71 ..\obj\tests.o
 .comment       0x00000000       0x71 ..\obj\tm_stm32f4_gpio.o
 .comment       0x00000000       0x71 ..\obj\usb_hcd_int.o

.ARM.attributes
                0x00000000       0x33
 .ARM.attributes
                0x00000000       0x33 ..\obj\usb_core.o
 .ARM.attributes
                0x00000033       0x33 ..\obj\tm_stm32f4_hd44780.o
 .ARM.attributes
                0x00000066       0x33 ..\obj\startup_stm32f4xx.o
 .ARM.attributes
                0x00000099       0x33 ..\obj\stm32f4xx_rcc.o
 .ARM.attributes
                0x000000cc       0x33 ..\obj\tm_stm32f4_delay.o
 .ARM.attributes
                0x000000ff       0x33 ..\obj\routines.o
 .ARM.attributes
                0x00000132       0x33 ..\obj\usbh_core.o
 .ARM.attributes
                0x00000165       0x33 ..\obj\stm32f4xx_gpio.o
 .ARM.attributes
                0x00000198       0x33 ..\obj\system_stm32f4xx.o
 .ARM.attributes
                0x000001cb       0x33 ..\obj\usb_bsp.o
 .ARM.attributes
                0x000001fe       0x33 ..\obj\tm_stm32f4_usb_msc_host.o
 .ARM.attributes
                0x00000231       0x33 ..\obj\tests.o
 .ARM.attributes
                0x00000264       0x33 ..\obj\tm_stm32f4_gpio.o
 .ARM.attributes
                0x00000297       0x33 ..\obj\usb_hcd_int.o

.debug_frame    0x00000000     0x1e08
 .debug_frame   0x00000000      0x468 ..\obj\usb_core.o
 .debug_frame   0x00000468      0x278 ..\obj\tm_stm32f4_hd44780.o
 .debug_frame   0x000006e0       0x4c ..\obj\startup_stm32f4xx.o
 .debug_frame   0x0000072c      0x6d4 ..\obj\stm32f4xx_rcc.o
 .debug_frame   0x00000e00      0x1f0 ..\obj\tm_stm32f4_delay.o
 .debug_frame   0x00000ff0      0x284 ..\obj\routines.o
 .debug_frame   0x00001274      0x170 ..\obj\usbh_core.o
 .debug_frame   0x000013e4      0x23c ..\obj\stm32f4xx_gpio.o
 .debug_frame   0x00001620       0x7c ..\obj\system_stm32f4xx.o
 .debug_frame   0x0000169c      0x128 ..\obj\usb_bsp.o
 .debug_frame   0x000017c4       0x70 ..\obj\tm_stm32f4_usb_msc_host.o
 .debug_frame   0x00001834      0x214 ..\obj\tests.o
 .debug_frame   0x00001a48      0x210 ..\obj\tm_stm32f4_gpio.o
 .debug_frame   0x00001c58      0x1b0 ..\obj\usb_hcd_int.o
